// Jest Snapshot v1, https://goo.gl/fbAQLP

exports[`createMemoryGraph. snapshot graph and ensure memory basic: edges 1`] = `
Array [
  Object {
    "from": 48,
    "to": 72,
  },
  Object {
    "from": 72,
    "to": 96,
  },
  Object {
    "from": 176,
    "to": 192,
  },
  Object {
    "from": 224,
    "to": 208,
  },
  Object {
    "from": 256,
    "to": 224,
  },
  Object {
    "from": 256,
    "to": 192,
  },
  Object {
    "from": 256,
    "to": 2592,
  },
  Object {
    "from": 192,
    "to": 256,
  },
  Object {
    "from": 176,
    "to": 280,
  },
  Object {
    "from": 312,
    "to": 296,
  },
  Object {
    "from": 344,
    "to": 312,
  },
  Object {
    "from": 344,
    "to": 280,
  },
  Object {
    "from": 2344,
    "to": 2368,
  },
  Object {
    "from": 2368,
    "to": 2392,
  },
  Object {
    "from": 2432,
    "to": 2448,
  },
  Object {
    "from": 488,
    "to": 472,
  },
  Object {
    "from": 2464,
    "to": 488,
  },
  Object {
    "from": 2464,
    "to": 2448,
  },
  Object {
    "from": 2464,
    "to": 0,
  },
  Object {
    "from": 2448,
    "to": 2464,
  },
  Object {
    "from": 2432,
    "to": 2488,
  },
  Object {
    "from": 2520,
    "to": 2504,
  },
  Object {
    "from": 2552,
    "to": 2520,
  },
  Object {
    "from": 2552,
    "to": 2488,
  },
  Object {
    "from": 2552,
    "to": 1,
  },
  Object {
    "from": 2488,
    "to": 2552,
  },
  Object {
    "from": 2576,
    "to": 0,
  },
  Object {
    "from": 2432,
    "specialLabel": "linkedlist end marker",
    "to": 2576,
  },
  Object {
    "from": 2368,
    "to": 2432,
  },
  Object {
    "from": 2368,
    "to": 2464,
  },
  Object {
    "from": 2368,
    "to": 2552,
  },
  Object {
    "from": 344,
    "to": 2344,
  },
  Object {
    "from": 280,
    "to": 344,
  },
  Object {
    "from": 176,
    "to": 368,
  },
  Object {
    "from": 400,
    "to": 384,
  },
  Object {
    "from": 432,
    "to": 400,
  },
  Object {
    "from": 432,
    "to": 368,
  },
  Object {
    "from": 432,
    "to": 2,
  },
  Object {
    "from": 368,
    "to": 432,
  },
  Object {
    "from": 176,
    "to": 456,
  },
  Object {
    "from": 520,
    "to": 488,
  },
  Object {
    "from": 520,
    "to": 456,
  },
  Object {
    "from": 520,
    "to": 2320,
  },
  Object {
    "from": 456,
    "to": 520,
  },
  Object {
    "from": 176,
    "to": 544,
  },
  Object {
    "from": 576,
    "to": 560,
  },
  Object {
    "from": 608,
    "to": 576,
  },
  Object {
    "from": 608,
    "to": 544,
  },
  Object {
    "from": 2168,
    "to": 2200,
  },
  Object {
    "from": 2200,
    "to": 2296,
  },
  Object {
    "from": 2200,
    "to": 2272,
  },
  Object {
    "from": 2200,
    "to": 2248,
  },
  Object {
    "from": 2200,
    "to": 2224,
  },
  Object {
    "from": 608,
    "to": 2168,
  },
  Object {
    "from": 544,
    "to": 608,
  },
  Object {
    "from": 176,
    "to": 632,
  },
  Object {
    "from": 664,
    "to": 648,
  },
  Object {
    "from": 696,
    "to": 664,
  },
  Object {
    "from": 696,
    "to": 632,
  },
  Object {
    "from": 1984,
    "to": 2008,
  },
  Object {
    "from": 2008,
    "to": 2032,
  },
  Object {
    "from": 2072,
    "to": 2088,
  },
  Object {
    "from": 2128,
    "to": 2104,
  },
  Object {
    "from": 2128,
    "to": 2088,
  },
  Object {
    "from": 2128,
    "to": 224,
  },
  Object {
    "from": 2088,
    "to": 2128,
  },
  Object {
    "from": 2152,
    "to": 0,
  },
  Object {
    "from": 2072,
    "specialLabel": "linkedlist end marker",
    "to": 2152,
  },
  Object {
    "from": 2008,
    "to": 2072,
  },
  Object {
    "from": 2008,
    "to": 2128,
  },
  Object {
    "from": 696,
    "to": 1984,
  },
  Object {
    "from": 632,
    "to": 696,
  },
  Object {
    "from": 176,
    "to": 720,
  },
  Object {
    "from": 752,
    "to": 736,
  },
  Object {
    "from": 784,
    "to": 752,
  },
  Object {
    "from": 784,
    "to": 720,
  },
  Object {
    "from": 1608,
    "to": 1632,
  },
  Object {
    "from": 1632,
    "to": 1656,
  },
  Object {
    "from": 1696,
    "to": 1712,
  },
  Object {
    "from": 1752,
    "to": 1728,
  },
  Object {
    "from": 1752,
    "to": 1712,
  },
  Object {
    "from": 1752,
    "to": 0,
  },
  Object {
    "from": 1712,
    "to": 1752,
  },
  Object {
    "from": 1696,
    "to": 1776,
  },
  Object {
    "from": 1816,
    "to": 1792,
  },
  Object {
    "from": 1816,
    "to": 1776,
  },
  Object {
    "from": 1816,
    "to": 0,
  },
  Object {
    "from": 1776,
    "to": 1816,
  },
  Object {
    "from": 1696,
    "to": 1840,
  },
  Object {
    "from": 1880,
    "to": 1856,
  },
  Object {
    "from": 1880,
    "to": 1840,
  },
  Object {
    "from": 1880,
    "to": 0,
  },
  Object {
    "from": 1840,
    "to": 1880,
  },
  Object {
    "from": 1696,
    "to": 1904,
  },
  Object {
    "from": 1944,
    "to": 1920,
  },
  Object {
    "from": 1944,
    "to": 1904,
  },
  Object {
    "from": 1944,
    "to": 0,
  },
  Object {
    "from": 1904,
    "to": 1944,
  },
  Object {
    "from": 1968,
    "to": 0,
  },
  Object {
    "from": 1696,
    "specialLabel": "linkedlist end marker",
    "to": 1968,
  },
  Object {
    "from": 1632,
    "to": 1696,
  },
  Object {
    "from": 1632,
    "to": 1752,
  },
  Object {
    "from": 1632,
    "to": 1816,
  },
  Object {
    "from": 1632,
    "to": 1880,
  },
  Object {
    "from": 1632,
    "to": 1944,
  },
  Object {
    "from": 784,
    "to": 1608,
  },
  Object {
    "from": 720,
    "to": 784,
  },
  Object {
    "from": 176,
    "to": 808,
  },
  Object {
    "from": 840,
    "to": 824,
  },
  Object {
    "from": 872,
    "to": 840,
  },
  Object {
    "from": 872,
    "to": 808,
  },
  Object {
    "from": 872,
    "to": 1576,
  },
  Object {
    "from": 808,
    "to": 872,
  },
  Object {
    "from": 176,
    "to": 896,
  },
  Object {
    "from": 936,
    "to": 912,
  },
  Object {
    "from": 968,
    "to": 936,
  },
  Object {
    "from": 968,
    "to": 896,
  },
  Object {
    "from": 1392,
    "to": 1416,
  },
  Object {
    "from": 1416,
    "to": 1440,
  },
  Object {
    "from": 1480,
    "to": 1496,
  },
  Object {
    "from": 1512,
    "to": 488,
  },
  Object {
    "from": 1512,
    "to": 1496,
  },
  Object {
    "from": 1512,
    "to": 1552,
  },
  Object {
    "from": 1496,
    "to": 1512,
  },
  Object {
    "from": 1536,
    "to": 0,
  },
  Object {
    "from": 1480,
    "specialLabel": "linkedlist end marker",
    "to": 1536,
  },
  Object {
    "from": 1416,
    "to": 1480,
  },
  Object {
    "from": 1416,
    "to": 1512,
  },
  Object {
    "from": 968,
    "to": 1392,
  },
  Object {
    "from": 896,
    "to": 968,
  },
  Object {
    "from": 176,
    "to": 992,
  },
  Object {
    "from": 1032,
    "to": 1008,
  },
  Object {
    "from": 1064,
    "to": 1032,
  },
  Object {
    "from": 1064,
    "to": 992,
  },
  Object {
    "from": 1064,
    "to": 1392,
  },
  Object {
    "from": 992,
    "to": 1064,
  },
  Object {
    "from": 176,
    "to": 1088,
  },
  Object {
    "from": 1128,
    "to": 1104,
  },
  Object {
    "from": 1160,
    "to": 1128,
  },
  Object {
    "from": 1160,
    "to": 1088,
  },
  Object {
    "from": 1160,
    "to": 1392,
  },
  Object {
    "from": 1088,
    "to": 1160,
  },
  Object {
    "from": 176,
    "to": 1184,
  },
  Object {
    "from": 1224,
    "to": 1200,
  },
  Object {
    "from": 1256,
    "to": 1224,
  },
  Object {
    "from": 1256,
    "to": 1184,
  },
  Object {
    "from": 1256,
    "to": 1392,
  },
  Object {
    "from": 1184,
    "to": 1256,
  },
  Object {
    "from": 176,
    "to": 1280,
  },
  Object {
    "from": 1320,
    "to": 1296,
  },
  Object {
    "from": 1352,
    "to": 1320,
  },
  Object {
    "from": 1352,
    "to": 1280,
  },
  Object {
    "from": 1352,
    "to": 1392,
  },
  Object {
    "from": 1280,
    "to": 1352,
  },
  Object {
    "from": 1376,
    "to": 0,
  },
  Object {
    "from": 176,
    "specialLabel": "linkedlist end marker",
    "to": 1376,
  },
  Object {
    "from": 72,
    "to": 176,
  },
  Object {
    "from": 72,
    "to": 256,
  },
  Object {
    "from": 72,
    "to": 344,
  },
  Object {
    "from": 72,
    "to": 432,
  },
  Object {
    "from": 72,
    "to": 520,
  },
  Object {
    "from": 72,
    "to": 608,
  },
  Object {
    "from": 72,
    "to": 696,
  },
  Object {
    "from": 72,
    "to": 784,
  },
  Object {
    "from": 72,
    "to": 872,
  },
  Object {
    "from": 72,
    "to": 968,
  },
  Object {
    "from": 72,
    "to": 1064,
  },
  Object {
    "from": 72,
    "to": 1160,
  },
  Object {
    "from": 72,
    "to": 1256,
  },
  Object {
    "from": 72,
    "to": 1352,
  },
]
`;

exports[`createMemoryGraph. snapshot graph and ensure memory basic: nodes 1`] = `
Array [
  Object {
    "pointer": 48,
    "refCount": 2,
    "size": 16,
    "type": "object",
  },
  Object {
    "pointer": 72,
    "refCount": undefined,
    "size": 14,
    "type": "hashmap",
  },
  Object {
    "pointer": 96,
    "refCount": undefined,
    "size": 68,
    "type": "hashmapBuckets",
  },
  Object {
    "pointer": 176,
    "refCount": undefined,
    "size": 8,
    "type": "linkedList",
  },
  Object {
    "pointer": 192,
    "refCount": undefined,
    "size": 8,
    "type": "linkedListItem",
  },
  Object {
    "pointer": 256,
    "refCount": undefined,
    "size": 16,
    "type": "hashmapNode",
  },
  Object {
    "pointer": 224,
    "refCount": 2,
    "size": 20,
    "type": "string",
  },
  Object {
    "pointer": 208,
    "refCount": undefined,
    "size": 1,
    "type": "stringData",
  },
  Object {
    "pointer": 2592,
    "refCount": undefined,
    "size": 16,
    "type": "number",
  },
  Object {
    "pointer": 280,
    "refCount": undefined,
    "size": 8,
    "type": "linkedListItem",
  },
  Object {
    "pointer": 344,
    "refCount": undefined,
    "size": 16,
    "type": "hashmapNode",
  },
  Object {
    "pointer": 312,
    "refCount": 1,
    "size": 20,
    "type": "string",
  },
  Object {
    "pointer": 296,
    "refCount": undefined,
    "size": 1,
    "type": "stringData",
  },
  Object {
    "pointer": 2344,
    "refCount": 1,
    "size": 16,
    "type": "object",
  },
  Object {
    "pointer": 2368,
    "refCount": undefined,
    "size": 14,
    "type": "hashmap",
  },
  Object {
    "pointer": 2392,
    "refCount": undefined,
    "size": 32,
    "type": "hashmapBuckets",
  },
  Object {
    "pointer": 2432,
    "refCount": undefined,
    "size": 8,
    "type": "linkedList",
  },
  Object {
    "pointer": 2448,
    "refCount": undefined,
    "size": 8,
    "type": "linkedListItem",
  },
  Object {
    "pointer": 2464,
    "refCount": undefined,
    "size": 16,
    "type": "hashmapNode",
  },
  Object {
    "pointer": 488,
    "refCount": 3,
    "size": 20,
    "type": "string",
  },
  Object {
    "pointer": 472,
    "refCount": undefined,
    "size": 1,
    "type": "stringData",
  },
  Object {
    "pointer": 2488,
    "refCount": undefined,
    "size": 8,
    "type": "linkedListItem",
  },
  Object {
    "pointer": 2552,
    "refCount": undefined,
    "size": 16,
    "type": "hashmapNode",
  },
  Object {
    "pointer": 2520,
    "refCount": 1,
    "size": 20,
    "type": "string",
  },
  Object {
    "pointer": 2504,
    "refCount": undefined,
    "size": 2,
    "type": "stringData",
  },
  Object {
    "pointer": 2576,
    "refCount": undefined,
    "size": 8,
    "type": "linkedListItem",
  },
  Object {
    "pointer": 368,
    "refCount": undefined,
    "size": 8,
    "type": "linkedListItem",
  },
  Object {
    "pointer": 432,
    "refCount": undefined,
    "size": 16,
    "type": "hashmapNode",
  },
  Object {
    "pointer": 400,
    "refCount": 1,
    "size": 20,
    "type": "string",
  },
  Object {
    "pointer": 384,
    "refCount": undefined,
    "size": 1,
    "type": "stringData",
  },
  Object {
    "pointer": 456,
    "refCount": undefined,
    "size": 8,
    "type": "linkedListItem",
  },
  Object {
    "pointer": 520,
    "refCount": undefined,
    "size": 16,
    "type": "hashmapNode",
  },
  Object {
    "pointer": 2320,
    "refCount": undefined,
    "size": 16,
    "type": "bigintNegative",
  },
  Object {
    "pointer": 544,
    "refCount": undefined,
    "size": 8,
    "type": "linkedListItem",
  },
  Object {
    "pointer": 608,
    "refCount": undefined,
    "size": 16,
    "type": "hashmapNode",
  },
  Object {
    "pointer": 576,
    "refCount": 1,
    "size": 20,
    "type": "string",
  },
  Object {
    "pointer": 560,
    "refCount": undefined,
    "size": 2,
    "type": "stringData",
  },
  Object {
    "pointer": 2168,
    "refCount": 1,
    "size": 24,
    "type": "array",
  },
  Object {
    "pointer": 2200,
    "refCount": undefined,
    "size": 16,
    "type": "arrayPointers",
  },
  Object {
    "pointer": 2296,
    "refCount": undefined,
    "size": 16,
    "type": "number",
  },
  Object {
    "pointer": 2272,
    "refCount": undefined,
    "size": 16,
    "type": "number",
  },
  Object {
    "pointer": 2248,
    "refCount": undefined,
    "size": 16,
    "type": "number",
  },
  Object {
    "pointer": 2224,
    "refCount": undefined,
    "size": 16,
    "type": "number",
  },
  Object {
    "pointer": 632,
    "refCount": undefined,
    "size": 8,
    "type": "linkedListItem",
  },
  Object {
    "pointer": 696,
    "refCount": undefined,
    "size": 16,
    "type": "hashmapNode",
  },
  Object {
    "pointer": 664,
    "refCount": 1,
    "size": 20,
    "type": "string",
  },
  Object {
    "pointer": 648,
    "refCount": undefined,
    "size": 1,
    "type": "stringData",
  },
  Object {
    "pointer": 1984,
    "refCount": 1,
    "size": 16,
    "type": "map",
  },
  Object {
    "pointer": 2008,
    "refCount": undefined,
    "size": 14,
    "type": "hashmap",
  },
  Object {
    "pointer": 2032,
    "refCount": undefined,
    "size": 32,
    "type": "hashmapBuckets",
  },
  Object {
    "pointer": 2072,
    "refCount": undefined,
    "size": 8,
    "type": "linkedList",
  },
  Object {
    "pointer": 2088,
    "refCount": undefined,
    "size": 8,
    "type": "linkedListItem",
  },
  Object {
    "pointer": 2128,
    "refCount": undefined,
    "size": 16,
    "type": "hashmapNode",
  },
  Object {
    "pointer": 2104,
    "refCount": undefined,
    "size": 16,
    "type": "number",
  },
  Object {
    "pointer": 2152,
    "refCount": undefined,
    "size": 8,
    "type": "linkedListItem",
  },
  Object {
    "pointer": 720,
    "refCount": undefined,
    "size": 8,
    "type": "linkedListItem",
  },
  Object {
    "pointer": 784,
    "refCount": undefined,
    "size": 16,
    "type": "hashmapNode",
  },
  Object {
    "pointer": 752,
    "refCount": 1,
    "size": 20,
    "type": "string",
  },
  Object {
    "pointer": 736,
    "refCount": undefined,
    "size": 1,
    "type": "stringData",
  },
  Object {
    "pointer": 1608,
    "refCount": 1,
    "size": 16,
    "type": "set",
  },
  Object {
    "pointer": 1632,
    "refCount": undefined,
    "size": 14,
    "type": "hashmap",
  },
  Object {
    "pointer": 1656,
    "refCount": undefined,
    "size": 32,
    "type": "hashmapBuckets",
  },
  Object {
    "pointer": 1696,
    "refCount": undefined,
    "size": 8,
    "type": "linkedList",
  },
  Object {
    "pointer": 1712,
    "refCount": undefined,
    "size": 8,
    "type": "linkedListItem",
  },
  Object {
    "pointer": 1752,
    "refCount": undefined,
    "size": 16,
    "type": "hashmapNode",
  },
  Object {
    "pointer": 1728,
    "refCount": undefined,
    "size": 16,
    "type": "number",
  },
  Object {
    "pointer": 1776,
    "refCount": undefined,
    "size": 8,
    "type": "linkedListItem",
  },
  Object {
    "pointer": 1816,
    "refCount": undefined,
    "size": 16,
    "type": "hashmapNode",
  },
  Object {
    "pointer": 1792,
    "refCount": undefined,
    "size": 16,
    "type": "number",
  },
  Object {
    "pointer": 1840,
    "refCount": undefined,
    "size": 8,
    "type": "linkedListItem",
  },
  Object {
    "pointer": 1880,
    "refCount": undefined,
    "size": 16,
    "type": "hashmapNode",
  },
  Object {
    "pointer": 1856,
    "refCount": undefined,
    "size": 16,
    "type": "number",
  },
  Object {
    "pointer": 1904,
    "refCount": undefined,
    "size": 8,
    "type": "linkedListItem",
  },
  Object {
    "pointer": 1944,
    "refCount": undefined,
    "size": 16,
    "type": "hashmapNode",
  },
  Object {
    "pointer": 1920,
    "refCount": undefined,
    "size": 16,
    "type": "number",
  },
  Object {
    "pointer": 1968,
    "refCount": undefined,
    "size": 8,
    "type": "linkedListItem",
  },
  Object {
    "pointer": 808,
    "refCount": undefined,
    "size": 8,
    "type": "linkedListItem",
  },
  Object {
    "pointer": 872,
    "refCount": undefined,
    "size": 16,
    "type": "hashmapNode",
  },
  Object {
    "pointer": 840,
    "refCount": 1,
    "size": 20,
    "type": "string",
  },
  Object {
    "pointer": 824,
    "refCount": undefined,
    "size": 4,
    "type": "stringData",
  },
  Object {
    "pointer": 1576,
    "refCount": 1,
    "size": 16,
    "type": "date",
  },
  Object {
    "pointer": 896,
    "refCount": undefined,
    "size": 8,
    "type": "linkedListItem",
  },
  Object {
    "pointer": 968,
    "refCount": undefined,
    "size": 16,
    "type": "hashmapNode",
  },
  Object {
    "pointer": 936,
    "refCount": 1,
    "size": 20,
    "type": "string",
  },
  Object {
    "pointer": 912,
    "refCount": undefined,
    "size": 11,
    "type": "stringData",
  },
  Object {
    "pointer": 1392,
    "refCount": 5,
    "size": 16,
    "type": "object",
  },
  Object {
    "pointer": 1416,
    "refCount": undefined,
    "size": 14,
    "type": "hashmap",
  },
  Object {
    "pointer": 1440,
    "refCount": undefined,
    "size": 32,
    "type": "hashmapBuckets",
  },
  Object {
    "pointer": 1480,
    "refCount": undefined,
    "size": 8,
    "type": "linkedList",
  },
  Object {
    "pointer": 1496,
    "refCount": undefined,
    "size": 8,
    "type": "linkedListItem",
  },
  Object {
    "pointer": 1512,
    "refCount": undefined,
    "size": 16,
    "type": "hashmapNode",
  },
  Object {
    "pointer": 1552,
    "refCount": undefined,
    "size": 16,
    "type": "number",
  },
  Object {
    "pointer": 1536,
    "refCount": undefined,
    "size": 8,
    "type": "linkedListItem",
  },
  Object {
    "pointer": 992,
    "refCount": undefined,
    "size": 8,
    "type": "linkedListItem",
  },
  Object {
    "pointer": 1064,
    "refCount": undefined,
    "size": 16,
    "type": "hashmapNode",
  },
  Object {
    "pointer": 1032,
    "refCount": 1,
    "size": 20,
    "type": "string",
  },
  Object {
    "pointer": 1008,
    "refCount": undefined,
    "size": 11,
    "type": "stringData",
  },
  Object {
    "pointer": 1088,
    "refCount": undefined,
    "size": 8,
    "type": "linkedListItem",
  },
  Object {
    "pointer": 1160,
    "refCount": undefined,
    "size": 16,
    "type": "hashmapNode",
  },
  Object {
    "pointer": 1128,
    "refCount": 1,
    "size": 20,
    "type": "string",
  },
  Object {
    "pointer": 1104,
    "refCount": undefined,
    "size": 11,
    "type": "stringData",
  },
  Object {
    "pointer": 1184,
    "refCount": undefined,
    "size": 8,
    "type": "linkedListItem",
  },
  Object {
    "pointer": 1256,
    "refCount": undefined,
    "size": 16,
    "type": "hashmapNode",
  },
  Object {
    "pointer": 1224,
    "refCount": 1,
    "size": 20,
    "type": "string",
  },
  Object {
    "pointer": 1200,
    "refCount": undefined,
    "size": 11,
    "type": "stringData",
  },
  Object {
    "pointer": 1280,
    "refCount": undefined,
    "size": 8,
    "type": "linkedListItem",
  },
  Object {
    "pointer": 1352,
    "refCount": undefined,
    "size": 16,
    "type": "hashmapNode",
  },
  Object {
    "pointer": 1320,
    "refCount": 1,
    "size": 20,
    "type": "string",
  },
  Object {
    "pointer": 1296,
    "refCount": undefined,
    "size": 11,
    "type": "stringData",
  },
  Object {
    "pointer": 1376,
    "refCount": undefined,
    "size": 8,
    "type": "linkedListItem",
  },
]
`;

exports[`createMemoryGraph. snapshot graph and ensure memory basic: visitedPointers 1`] = `
Set {
  48,
  72,
  96,
  176,
  192,
  256,
  224,
  208,
  2592,
  280,
  344,
  312,
  296,
  2344,
  2368,
  2392,
  2432,
  2448,
  2464,
  488,
  472,
  2488,
  2552,
  2520,
  2504,
  2576,
  368,
  432,
  400,
  384,
  456,
  520,
  2320,
  544,
  608,
  576,
  560,
  2168,
  2200,
  2296,
  2272,
  2248,
  2224,
  632,
  696,
  664,
  648,
  1984,
  2008,
  2032,
  2072,
  2088,
  2128,
  2104,
  2152,
  720,
  784,
  752,
  736,
  1608,
  1632,
  1656,
  1696,
  1712,
  1752,
  1728,
  1776,
  1816,
  1792,
  1840,
  1880,
  1856,
  1904,
  1944,
  1920,
  1968,
  808,
  872,
  840,
  824,
  1576,
  896,
  968,
  936,
  912,
  1392,
  1416,
  1440,
  1480,
  1496,
  1512,
  1552,
  1536,
  992,
  1064,
  1032,
  1008,
  1088,
  1160,
  1128,
  1104,
  1184,
  1256,
  1224,
  1200,
  1280,
  1352,
  1320,
  1296,
  1376,
}
`;
