// Jest Snapshot v1, https://goo.gl/fbAQLP

exports[`createMemoryGraph. snapshot graph and ensure memory basic: edges 1`] = `
[
  {
    "from": 64,
    "to": 96,
  },
  {
    "from": 96,
    "to": 128,
  },
  {
    "from": 216,
    "to": 240,
  },
  {
    "from": 288,
    "to": 264,
  },
  {
    "from": 328,
    "to": 288,
  },
  {
    "from": 328,
    "to": 240,
  },
  {
    "from": 328,
    "to": 3480,
  },
  {
    "from": 240,
    "to": 328,
  },
  {
    "from": 216,
    "to": 360,
  },
  {
    "from": 408,
    "to": 384,
  },
  {
    "from": 448,
    "to": 408,
  },
  {
    "from": 448,
    "to": 360,
  },
  {
    "from": 3144,
    "to": 3176,
  },
  {
    "from": 3176,
    "to": 3208,
  },
  {
    "from": 3256,
    "to": 3280,
  },
  {
    "from": 648,
    "to": 624,
  },
  {
    "from": 3304,
    "to": 648,
  },
  {
    "from": 3304,
    "to": 3280,
  },
  {
    "from": 3304,
    "to": 0,
  },
  {
    "from": 3280,
    "to": 3304,
  },
  {
    "from": 3256,
    "to": 3336,
  },
  {
    "from": 3384,
    "to": 3360,
  },
  {
    "from": 3424,
    "to": 3384,
  },
  {
    "from": 3424,
    "to": 3336,
  },
  {
    "from": 3424,
    "to": 1,
  },
  {
    "from": 3336,
    "to": 3424,
  },
  {
    "from": 3456,
    "to": 0,
  },
  {
    "from": 3256,
    "specialLabel": "linkedlist end marker",
    "to": 3456,
  },
  {
    "from": 3176,
    "to": 3256,
  },
  {
    "from": 3176,
    "to": 3304,
  },
  {
    "from": 3176,
    "to": 3424,
  },
  {
    "from": 448,
    "to": 3144,
  },
  {
    "from": 360,
    "to": 448,
  },
  {
    "from": 216,
    "to": 480,
  },
  {
    "from": 528,
    "to": 504,
  },
  {
    "from": 568,
    "to": 528,
  },
  {
    "from": 568,
    "to": 480,
  },
  {
    "from": 568,
    "to": 2,
  },
  {
    "from": 480,
    "to": 568,
  },
  {
    "from": 216,
    "to": 600,
  },
  {
    "from": 688,
    "to": 648,
  },
  {
    "from": 688,
    "to": 600,
  },
  {
    "from": 688,
    "to": 3112,
  },
  {
    "from": 600,
    "to": 688,
  },
  {
    "from": 216,
    "to": 720,
  },
  {
    "from": 768,
    "to": 744,
  },
  {
    "from": 808,
    "to": 768,
  },
  {
    "from": 808,
    "to": 720,
  },
  {
    "from": 2912,
    "to": 2952,
  },
  {
    "from": 2952,
    "to": 3080,
  },
  {
    "from": 2952,
    "to": 3048,
  },
  {
    "from": 2952,
    "to": 3016,
  },
  {
    "from": 2952,
    "to": 2984,
  },
  {
    "from": 808,
    "to": 2912,
  },
  {
    "from": 720,
    "to": 808,
  },
  {
    "from": 216,
    "to": 840,
  },
  {
    "from": 888,
    "to": 864,
  },
  {
    "from": 928,
    "to": 888,
  },
  {
    "from": 928,
    "to": 840,
  },
  {
    "from": 2664,
    "to": 2696,
  },
  {
    "from": 2696,
    "to": 2728,
  },
  {
    "from": 2776,
    "to": 2800,
  },
  {
    "from": 2856,
    "to": 2824,
  },
  {
    "from": 2856,
    "to": 2800,
  },
  {
    "from": 2856,
    "to": 288,
  },
  {
    "from": 2800,
    "to": 2856,
  },
  {
    "from": 2888,
    "to": 0,
  },
  {
    "from": 2776,
    "specialLabel": "linkedlist end marker",
    "to": 2888,
  },
  {
    "from": 2696,
    "to": 2776,
  },
  {
    "from": 2696,
    "to": 2856,
  },
  {
    "from": 928,
    "to": 2664,
  },
  {
    "from": 840,
    "to": 928,
  },
  {
    "from": 216,
    "to": 960,
  },
  {
    "from": 1008,
    "to": 984,
  },
  {
    "from": 1048,
    "to": 1008,
  },
  {
    "from": 1048,
    "to": 960,
  },
  {
    "from": 2152,
    "to": 2184,
  },
  {
    "from": 2184,
    "to": 2216,
  },
  {
    "from": 2264,
    "to": 2288,
  },
  {
    "from": 2344,
    "to": 2312,
  },
  {
    "from": 2344,
    "to": 2288,
  },
  {
    "from": 2344,
    "to": 0,
  },
  {
    "from": 2288,
    "to": 2344,
  },
  {
    "from": 2264,
    "to": 2376,
  },
  {
    "from": 2432,
    "to": 2400,
  },
  {
    "from": 2432,
    "to": 2376,
  },
  {
    "from": 2432,
    "to": 0,
  },
  {
    "from": 2376,
    "to": 2432,
  },
  {
    "from": 2264,
    "to": 2464,
  },
  {
    "from": 2520,
    "to": 2488,
  },
  {
    "from": 2520,
    "to": 2464,
  },
  {
    "from": 2520,
    "to": 0,
  },
  {
    "from": 2464,
    "to": 2520,
  },
  {
    "from": 2264,
    "to": 2552,
  },
  {
    "from": 2608,
    "to": 2576,
  },
  {
    "from": 2608,
    "to": 2552,
  },
  {
    "from": 2608,
    "to": 0,
  },
  {
    "from": 2552,
    "to": 2608,
  },
  {
    "from": 2640,
    "to": 0,
  },
  {
    "from": 2264,
    "specialLabel": "linkedlist end marker",
    "to": 2640,
  },
  {
    "from": 2184,
    "to": 2264,
  },
  {
    "from": 2184,
    "to": 2344,
  },
  {
    "from": 2184,
    "to": 2432,
  },
  {
    "from": 2184,
    "to": 2520,
  },
  {
    "from": 2184,
    "to": 2608,
  },
  {
    "from": 1048,
    "to": 2152,
  },
  {
    "from": 960,
    "to": 1048,
  },
  {
    "from": 216,
    "to": 1080,
  },
  {
    "from": 1128,
    "to": 1104,
  },
  {
    "from": 1168,
    "to": 1128,
  },
  {
    "from": 1168,
    "to": 1080,
  },
  {
    "from": 1168,
    "to": 2112,
  },
  {
    "from": 1080,
    "to": 1168,
  },
  {
    "from": 216,
    "to": 1200,
  },
  {
    "from": 1256,
    "to": 1224,
  },
  {
    "from": 1296,
    "to": 1256,
  },
  {
    "from": 1296,
    "to": 1200,
  },
  {
    "from": 1864,
    "to": 1896,
  },
  {
    "from": 1896,
    "to": 1928,
  },
  {
    "from": 1976,
    "to": 2000,
  },
  {
    "from": 2024,
    "to": 648,
  },
  {
    "from": 2024,
    "to": 2000,
  },
  {
    "from": 2024,
    "to": 2080,
  },
  {
    "from": 2000,
    "to": 2024,
  },
  {
    "from": 2056,
    "to": 0,
  },
  {
    "from": 1976,
    "specialLabel": "linkedlist end marker",
    "to": 2056,
  },
  {
    "from": 1896,
    "to": 1976,
  },
  {
    "from": 1896,
    "to": 2024,
  },
  {
    "from": 1296,
    "to": 1864,
  },
  {
    "from": 1200,
    "to": 1296,
  },
  {
    "from": 216,
    "to": 1328,
  },
  {
    "from": 1384,
    "to": 1352,
  },
  {
    "from": 1424,
    "to": 1384,
  },
  {
    "from": 1424,
    "to": 1328,
  },
  {
    "from": 1424,
    "to": 1864,
  },
  {
    "from": 1328,
    "to": 1424,
  },
  {
    "from": 216,
    "to": 1456,
  },
  {
    "from": 1512,
    "to": 1480,
  },
  {
    "from": 1552,
    "to": 1512,
  },
  {
    "from": 1552,
    "to": 1456,
  },
  {
    "from": 1552,
    "to": 1864,
  },
  {
    "from": 1456,
    "to": 1552,
  },
  {
    "from": 216,
    "to": 1584,
  },
  {
    "from": 1640,
    "to": 1608,
  },
  {
    "from": 1680,
    "to": 1640,
  },
  {
    "from": 1680,
    "to": 1584,
  },
  {
    "from": 1680,
    "to": 1864,
  },
  {
    "from": 1584,
    "to": 1680,
  },
  {
    "from": 216,
    "to": 1712,
  },
  {
    "from": 1768,
    "to": 1736,
  },
  {
    "from": 1808,
    "to": 1768,
  },
  {
    "from": 1808,
    "to": 1712,
  },
  {
    "from": 1808,
    "to": 1864,
  },
  {
    "from": 1712,
    "to": 1808,
  },
  {
    "from": 1840,
    "to": 0,
  },
  {
    "from": 216,
    "specialLabel": "linkedlist end marker",
    "to": 1840,
  },
  {
    "from": 96,
    "to": 216,
  },
  {
    "from": 96,
    "to": 328,
  },
  {
    "from": 96,
    "to": 448,
  },
  {
    "from": 96,
    "to": 568,
  },
  {
    "from": 96,
    "to": 688,
  },
  {
    "from": 96,
    "to": 808,
  },
  {
    "from": 96,
    "to": 928,
  },
  {
    "from": 96,
    "to": 1048,
  },
  {
    "from": 96,
    "to": 1168,
  },
  {
    "from": 96,
    "to": 1296,
  },
  {
    "from": 96,
    "to": 1424,
  },
  {
    "from": 96,
    "to": 1552,
  },
  {
    "from": 96,
    "to": 1680,
  },
  {
    "from": 96,
    "to": 1808,
  },
]
`;

exports[`createMemoryGraph. snapshot graph and ensure memory basic: nodes 1`] = `
[
  {
    "pointer": 64,
    "refCount": 2,
    "size": 16,
    "type": "object",
  },
  {
    "pointer": 96,
    "refCount": undefined,
    "size": 14,
    "type": "hashmap",
  },
  {
    "pointer": 128,
    "refCount": undefined,
    "size": 68,
    "type": "hashmapBuckets",
  },
  {
    "pointer": 216,
    "refCount": undefined,
    "size": 8,
    "type": "linkedList",
  },
  {
    "pointer": 240,
    "refCount": undefined,
    "size": 8,
    "type": "linkedListItem",
  },
  {
    "pointer": 328,
    "refCount": undefined,
    "size": 16,
    "type": "hashmapNode",
  },
  {
    "pointer": 288,
    "refCount": 2,
    "size": 20,
    "type": "string",
  },
  {
    "pointer": 264,
    "refCount": undefined,
    "size": 1,
    "type": "stringData",
  },
  {
    "pointer": 3480,
    "refCount": undefined,
    "size": 16,
    "type": "number",
  },
  {
    "pointer": 360,
    "refCount": undefined,
    "size": 8,
    "type": "linkedListItem",
  },
  {
    "pointer": 448,
    "refCount": undefined,
    "size": 16,
    "type": "hashmapNode",
  },
  {
    "pointer": 408,
    "refCount": 1,
    "size": 20,
    "type": "string",
  },
  {
    "pointer": 384,
    "refCount": undefined,
    "size": 1,
    "type": "stringData",
  },
  {
    "pointer": 3144,
    "refCount": 1,
    "size": 16,
    "type": "object",
  },
  {
    "pointer": 3176,
    "refCount": undefined,
    "size": 14,
    "type": "hashmap",
  },
  {
    "pointer": 3208,
    "refCount": undefined,
    "size": 32,
    "type": "hashmapBuckets",
  },
  {
    "pointer": 3256,
    "refCount": undefined,
    "size": 8,
    "type": "linkedList",
  },
  {
    "pointer": 3280,
    "refCount": undefined,
    "size": 8,
    "type": "linkedListItem",
  },
  {
    "pointer": 3304,
    "refCount": undefined,
    "size": 16,
    "type": "hashmapNode",
  },
  {
    "pointer": 648,
    "refCount": 3,
    "size": 20,
    "type": "string",
  },
  {
    "pointer": 624,
    "refCount": undefined,
    "size": 1,
    "type": "stringData",
  },
  {
    "pointer": 3336,
    "refCount": undefined,
    "size": 8,
    "type": "linkedListItem",
  },
  {
    "pointer": 3424,
    "refCount": undefined,
    "size": 16,
    "type": "hashmapNode",
  },
  {
    "pointer": 3384,
    "refCount": 1,
    "size": 20,
    "type": "string",
  },
  {
    "pointer": 3360,
    "refCount": undefined,
    "size": 2,
    "type": "stringData",
  },
  {
    "pointer": 3456,
    "refCount": undefined,
    "size": 8,
    "type": "linkedListItem",
  },
  {
    "pointer": 480,
    "refCount": undefined,
    "size": 8,
    "type": "linkedListItem",
  },
  {
    "pointer": 568,
    "refCount": undefined,
    "size": 16,
    "type": "hashmapNode",
  },
  {
    "pointer": 528,
    "refCount": 1,
    "size": 20,
    "type": "string",
  },
  {
    "pointer": 504,
    "refCount": undefined,
    "size": 1,
    "type": "stringData",
  },
  {
    "pointer": 600,
    "refCount": undefined,
    "size": 8,
    "type": "linkedListItem",
  },
  {
    "pointer": 688,
    "refCount": undefined,
    "size": 16,
    "type": "hashmapNode",
  },
  {
    "pointer": 3112,
    "refCount": undefined,
    "size": 16,
    "type": "bigintNegative",
  },
  {
    "pointer": 720,
    "refCount": undefined,
    "size": 8,
    "type": "linkedListItem",
  },
  {
    "pointer": 808,
    "refCount": undefined,
    "size": 16,
    "type": "hashmapNode",
  },
  {
    "pointer": 768,
    "refCount": 1,
    "size": 20,
    "type": "string",
  },
  {
    "pointer": 744,
    "refCount": undefined,
    "size": 2,
    "type": "stringData",
  },
  {
    "pointer": 2912,
    "refCount": 1,
    "size": 24,
    "type": "array",
  },
  {
    "pointer": 2952,
    "refCount": undefined,
    "size": 16,
    "type": "arrayPointers",
  },
  {
    "pointer": 3080,
    "refCount": undefined,
    "size": 16,
    "type": "number",
  },
  {
    "pointer": 3048,
    "refCount": undefined,
    "size": 16,
    "type": "number",
  },
  {
    "pointer": 3016,
    "refCount": undefined,
    "size": 16,
    "type": "number",
  },
  {
    "pointer": 2984,
    "refCount": undefined,
    "size": 16,
    "type": "number",
  },
  {
    "pointer": 840,
    "refCount": undefined,
    "size": 8,
    "type": "linkedListItem",
  },
  {
    "pointer": 928,
    "refCount": undefined,
    "size": 16,
    "type": "hashmapNode",
  },
  {
    "pointer": 888,
    "refCount": 1,
    "size": 20,
    "type": "string",
  },
  {
    "pointer": 864,
    "refCount": undefined,
    "size": 1,
    "type": "stringData",
  },
  {
    "pointer": 2664,
    "refCount": 1,
    "size": 16,
    "type": "map",
  },
  {
    "pointer": 2696,
    "refCount": undefined,
    "size": 14,
    "type": "hashmap",
  },
  {
    "pointer": 2728,
    "refCount": undefined,
    "size": 32,
    "type": "hashmapBuckets",
  },
  {
    "pointer": 2776,
    "refCount": undefined,
    "size": 8,
    "type": "linkedList",
  },
  {
    "pointer": 2800,
    "refCount": undefined,
    "size": 8,
    "type": "linkedListItem",
  },
  {
    "pointer": 2856,
    "refCount": undefined,
    "size": 16,
    "type": "hashmapNode",
  },
  {
    "pointer": 2824,
    "refCount": undefined,
    "size": 16,
    "type": "number",
  },
  {
    "pointer": 2888,
    "refCount": undefined,
    "size": 8,
    "type": "linkedListItem",
  },
  {
    "pointer": 960,
    "refCount": undefined,
    "size": 8,
    "type": "linkedListItem",
  },
  {
    "pointer": 1048,
    "refCount": undefined,
    "size": 16,
    "type": "hashmapNode",
  },
  {
    "pointer": 1008,
    "refCount": 1,
    "size": 20,
    "type": "string",
  },
  {
    "pointer": 984,
    "refCount": undefined,
    "size": 1,
    "type": "stringData",
  },
  {
    "pointer": 2152,
    "refCount": 1,
    "size": 16,
    "type": "set",
  },
  {
    "pointer": 2184,
    "refCount": undefined,
    "size": 14,
    "type": "hashmap",
  },
  {
    "pointer": 2216,
    "refCount": undefined,
    "size": 32,
    "type": "hashmapBuckets",
  },
  {
    "pointer": 2264,
    "refCount": undefined,
    "size": 8,
    "type": "linkedList",
  },
  {
    "pointer": 2288,
    "refCount": undefined,
    "size": 8,
    "type": "linkedListItem",
  },
  {
    "pointer": 2344,
    "refCount": undefined,
    "size": 16,
    "type": "hashmapNode",
  },
  {
    "pointer": 2312,
    "refCount": undefined,
    "size": 16,
    "type": "number",
  },
  {
    "pointer": 2376,
    "refCount": undefined,
    "size": 8,
    "type": "linkedListItem",
  },
  {
    "pointer": 2432,
    "refCount": undefined,
    "size": 16,
    "type": "hashmapNode",
  },
  {
    "pointer": 2400,
    "refCount": undefined,
    "size": 16,
    "type": "number",
  },
  {
    "pointer": 2464,
    "refCount": undefined,
    "size": 8,
    "type": "linkedListItem",
  },
  {
    "pointer": 2520,
    "refCount": undefined,
    "size": 16,
    "type": "hashmapNode",
  },
  {
    "pointer": 2488,
    "refCount": undefined,
    "size": 16,
    "type": "number",
  },
  {
    "pointer": 2552,
    "refCount": undefined,
    "size": 8,
    "type": "linkedListItem",
  },
  {
    "pointer": 2608,
    "refCount": undefined,
    "size": 16,
    "type": "hashmapNode",
  },
  {
    "pointer": 2576,
    "refCount": undefined,
    "size": 16,
    "type": "number",
  },
  {
    "pointer": 2640,
    "refCount": undefined,
    "size": 8,
    "type": "linkedListItem",
  },
  {
    "pointer": 1080,
    "refCount": undefined,
    "size": 8,
    "type": "linkedListItem",
  },
  {
    "pointer": 1168,
    "refCount": undefined,
    "size": 16,
    "type": "hashmapNode",
  },
  {
    "pointer": 1128,
    "refCount": 1,
    "size": 20,
    "type": "string",
  },
  {
    "pointer": 1104,
    "refCount": undefined,
    "size": 4,
    "type": "stringData",
  },
  {
    "pointer": 2112,
    "refCount": 1,
    "size": 16,
    "type": "date",
  },
  {
    "pointer": 1200,
    "refCount": undefined,
    "size": 8,
    "type": "linkedListItem",
  },
  {
    "pointer": 1296,
    "refCount": undefined,
    "size": 16,
    "type": "hashmapNode",
  },
  {
    "pointer": 1256,
    "refCount": 1,
    "size": 20,
    "type": "string",
  },
  {
    "pointer": 1224,
    "refCount": undefined,
    "size": 11,
    "type": "stringData",
  },
  {
    "pointer": 1864,
    "refCount": 5,
    "size": 16,
    "type": "object",
  },
  {
    "pointer": 1896,
    "refCount": undefined,
    "size": 14,
    "type": "hashmap",
  },
  {
    "pointer": 1928,
    "refCount": undefined,
    "size": 32,
    "type": "hashmapBuckets",
  },
  {
    "pointer": 1976,
    "refCount": undefined,
    "size": 8,
    "type": "linkedList",
  },
  {
    "pointer": 2000,
    "refCount": undefined,
    "size": 8,
    "type": "linkedListItem",
  },
  {
    "pointer": 2024,
    "refCount": undefined,
    "size": 16,
    "type": "hashmapNode",
  },
  {
    "pointer": 2080,
    "refCount": undefined,
    "size": 16,
    "type": "number",
  },
  {
    "pointer": 2056,
    "refCount": undefined,
    "size": 8,
    "type": "linkedListItem",
  },
  {
    "pointer": 1328,
    "refCount": undefined,
    "size": 8,
    "type": "linkedListItem",
  },
  {
    "pointer": 1424,
    "refCount": undefined,
    "size": 16,
    "type": "hashmapNode",
  },
  {
    "pointer": 1384,
    "refCount": 1,
    "size": 20,
    "type": "string",
  },
  {
    "pointer": 1352,
    "refCount": undefined,
    "size": 11,
    "type": "stringData",
  },
  {
    "pointer": 1456,
    "refCount": undefined,
    "size": 8,
    "type": "linkedListItem",
  },
  {
    "pointer": 1552,
    "refCount": undefined,
    "size": 16,
    "type": "hashmapNode",
  },
  {
    "pointer": 1512,
    "refCount": 1,
    "size": 20,
    "type": "string",
  },
  {
    "pointer": 1480,
    "refCount": undefined,
    "size": 11,
    "type": "stringData",
  },
  {
    "pointer": 1584,
    "refCount": undefined,
    "size": 8,
    "type": "linkedListItem",
  },
  {
    "pointer": 1680,
    "refCount": undefined,
    "size": 16,
    "type": "hashmapNode",
  },
  {
    "pointer": 1640,
    "refCount": 1,
    "size": 20,
    "type": "string",
  },
  {
    "pointer": 1608,
    "refCount": undefined,
    "size": 11,
    "type": "stringData",
  },
  {
    "pointer": 1712,
    "refCount": undefined,
    "size": 8,
    "type": "linkedListItem",
  },
  {
    "pointer": 1808,
    "refCount": undefined,
    "size": 16,
    "type": "hashmapNode",
  },
  {
    "pointer": 1768,
    "refCount": 1,
    "size": 20,
    "type": "string",
  },
  {
    "pointer": 1736,
    "refCount": undefined,
    "size": 11,
    "type": "stringData",
  },
  {
    "pointer": 1840,
    "refCount": undefined,
    "size": 8,
    "type": "linkedListItem",
  },
]
`;

exports[`createMemoryGraph. snapshot graph and ensure memory basic: visitedPointers 1`] = `
Set {
  64,
  96,
  128,
  216,
  240,
  328,
  288,
  264,
  3480,
  360,
  448,
  408,
  384,
  3144,
  3176,
  3208,
  3256,
  3280,
  3304,
  648,
  624,
  3336,
  3424,
  3384,
  3360,
  3456,
  480,
  568,
  528,
  504,
  600,
  688,
  3112,
  720,
  808,
  768,
  744,
  2912,
  2952,
  3080,
  3048,
  3016,
  2984,
  840,
  928,
  888,
  864,
  2664,
  2696,
  2728,
  2776,
  2800,
  2856,
  2824,
  2888,
  960,
  1048,
  1008,
  984,
  2152,
  2184,
  2216,
  2264,
  2288,
  2344,
  2312,
  2376,
  2432,
  2400,
  2464,
  2520,
  2488,
  2552,
  2608,
  2576,
  2640,
  1080,
  1168,
  1128,
  1104,
  2112,
  1200,
  1296,
  1256,
  1224,
  1864,
  1896,
  1928,
  1976,
  2000,
  2024,
  2080,
  2056,
  1328,
  1424,
  1384,
  1352,
  1456,
  1552,
  1512,
  1480,
  1584,
  1680,
  1640,
  1608,
  1712,
  1808,
  1768,
  1736,
  1840,
}
`;
